<?xml version="1.0" ?>
<testsuites failures="0" name="TestXML" tests="1" time="0">
	<testsuite name="" failures="0"  tests="2" time="0">
		<testcase name=" instantiation" time="0"></testcase>
		<testcase name=" output toggle" time="0"></testcase>
	</testsuite>

</testsuites>